LOAD 'passwordpolicy';
CREATE USER test_pass WITH PASSWORD 'aaaa';
ERROR:  password is too short.
CREATE USER test_pass WITH PASSWORD 'aaaaaaaaaaaa';
ERROR:  password must contain atleast 2 numeric characters.
CREATE USER test_pass WITH PASSWORD 'aaaaaaaa1234';
ERROR:  password must contain atleast 2 special characters.
CREATE USER test_pass WITH PASSWORD 'aaaaaa#*#134';
ERROR:  password must contain atleast 2 upper case letters.
CREATE USER test_pass WITH PASSWORD 'ASWsdf#*#134';
DROP USER IF EXISTS test_pass;
